ets Jun  8 2016 00:22:57

rst:0x1 (POWERON_RESET),boot:0x13 (SPI_FAST_FLASH_BOOT)
configsip: 0, SPIWP:0xee
clk_drv:0x00,q_drv:0x00,d_drv:0x00,cs0_drv:0x00,hd_drv:0x00,wp_drv:0x00
mode:DIO, clock div:2
load:0x3fff0030,len:4
load:0x3fff0034,len:6320
ho 0 tail 12 room 4
load:0x40078000,len:13824
load:0x40080400,len:4020
entry 0x4008068c
I (30) boot: ESP-IDF v4.2-dev-1303-gcd4fa46f5-dirty 2nd stage bootloader
I (31) boot: compile time 17:27:34
I (31) boot: Nov 25 2021
I (32) boot: chip revision: 1
I (35) boot_comm: chip revision: 1, min. bootloader chip revision: 0
I (41) boot.esp32: SPI Speed      : 40MHz
I (45) boot.esp32: SPI Mode       : DIO
I (48) boot.esp32: SPI Flash Size : 4MB
I (52) boot: Enabling RNG early entropy source...
I (56) boot: Partition Table:
I (59) boot: ## Label            Usage          Type ST Offset   Length
I (65) boot:  0 nvs              WiFi data        01 02 00009000 00006000
I (72) boot:  1 phy_init         RF data          01 01 0000f000 00001000
I (78) boot:  2 factory          factory app      00 00 00010000 00100000
I (85) boot: End of partition table
I (88) boot_comm: chip revision: 1, min. application chip revision: 0
I (94) esp_image: segment 0: paddr=0x00010020 vaddr=0x3f400020 size=0x1c038 (114744) map
I (146) esp_image: segment 1: paddr=0x0002c060 vaddr=0x3ff80000 size=0x0001c (    28) load
I (146) esp_image: segment 2: paddr=0x0002c084 vaddr=0x3ffbdb60 size=0x039c4 ( 14788) load
I (157) esp_image: segment 3: paddr=0x0002fa50 vaddr=0x40080000 size=0x005c8 (  1480) load
I (159) esp_image: segment 4: paddr=0x00030020 vaddr=0x400d0020 size=0x6d180 (446848) map
I (337) esp_image: segment 5: paddr=0x0009d1a8 vaddr=0x400805c8 size=0x16f90 ( 94096) load
I (390) boot: Loaded app from partition at offset 0x10000
I (390) boot: Disabling RNG early entropy source...
I (391) cpu_start: Multicore app
I (403) cpu_start: Pro cpu start user code
I (403) cpu_start: cpu freq: 160000000 Hz
I (404) app_init: Application information:
I (405) app_init: Project name:     bt_spp_acceptor_demo
I (410) app_init: App version:      1
I (414) app_init: Compile time:     Mar 20 2025 16:00:51
I (419) app_init: ELF file SHA256:  827ae23bd...
I (423) app_init: ESP-IDF:          v5.4-dirty
I (427) efuse_init: Min chip rev:     v0.0
I (431) efuse_init: Max chip rev:     v3.99 
I (435) efuse_init: Chip rev:         v1.0
I (439) heap_init: Initializing. RAM available for dynamic allocation:
I (445) heap_init: At 3FFAFF10 len 000000F0 (0 KiB): DRAM
I (450) heap_init: At 3FFB6388 len 00001C78 (7 KiB): DRAM
I (455) heap_init: At 3FFB9A20 len 00004108 (16 KiB): DRAM
I (461) heap_init: At 3FFC7400 len 00018C00 (99 KiB): DRAM
I (466) heap_init: At 3FFE0440 len 00003AE0 (14 KiB): D/IRAM
I (471) heap_init: At 3FFE4350 len 0001BCB0 (111 KiB): D/IRAM
I (477) heap_init: At 40097558 len 00008AA8 (34 KiB): IRAM
I (483) spi_flash: detected chip: generic
I (486) spi_flash: flash io: dio
I (490) coexist: coex firmware version: 49a8cdc
I (494) main_task: Started on CPU0
I (504) main_task: Calling app_main()
I (504) : 

App build Mar 20 2025 16:03:44 
ESP_IDF_VER v5.4-dirty


I (514) BTDM_INIT: BT controller compile version [20b459d]
I (514) BTDM_INIT: Bluetooth MAC: 3c:61:05:64:58:ee
I (514) phy_init: phy_version 4840,02e0d70,Sep  2 2024,19:39:07
W (514) phy_init: failed to load RF calibration data (0xffffffff), falling back to full calibration
W (594) phy_init: saving new calibration data because of checksum failure, mode(2)
I (1174) SPP_ACCEPTOR_DEMO: ESP_SPP_INIT_EVT
I (1174) SPP_ACCEPTOR_DEMO: ESP_SPP_START_EVT handle:129 sec_id:55 scn:1
I (1184) SPP_ACCEPTOR_DEMO: event: 10
I (1184) SPP_ACCEPTOR_DEMO: Own address:[3c:61:05:64:58:ee]
I (1194) gpio: GPIO[34]| InputEn: 1| OutputEn: 0| OpenDrain: 0| Pullup: 0| Pulldown: 0| Intr:1 
I (1194) start_gpio_int: OK
I (1194) pwm: Start PWM...
I (1204) pwm: Connect timer and operator
I (1204) pwm: Create comparator and generator from the operator
I (1214) pwm: Set generator action on timer and compare event
I (1214) pwm: Enable and start timer
I (2214) BM:  benchmark results: min = 1, max = 15900, total = 0
I (2214) BM: , average = 0


I (3214) BM:  benchmark results: min = 434, max = 565, total = 1010433
I (3214) BM: , average = 505


I (4214) BM:  benchmark results: min = 447, max = 551, total = 2008433
I (4214) BM: , average = 499


I (5214) BM:  benchmark results: min = 438, max = 560, total = 3006432
I (5214) BM: , average = 498


I (6214) BM:  benchmark results: min = 444, max = 554, total = 4004432
I (6214) BM: , average = 499


I (7214) BM:  benchmark results: min = 426, max = 572, total = 5002431
I (7214) BM: , average = 498


I (8214) BM:  benchmark results: min = 442, max = 557, total = 6000430
I (8214) BM: , average = 498


I (9214) BM:  benchmark results: min = 429, max = 569, total = 6998430
I (9214) BM: , average = 499


I (10214) BM:  benchmark results: min = 419, max = 579, total = 7996429
I (10214) BM: , average = 498


I (11214) BM:  benchmark results: min = 426, max = 572, total = 8994428
I (11214) BM: , average = 498


I (12214) BM:  benchmark results: min = 430, max = 568, total = 9992427
I (12214) BM: , average = 498


I (13214) BM:  benchmark results: min = 433, max = 565, total = 10990426
I (13214) BM: , average = 498


I (14214) BM:  benchmark results: min = 420, max = 578, total = 11988425
I (14214) BM: , average = 498


I (15214) BM:  benchmark results: min = 431, max = 568, total = 12986424
I (15214) BM: , average = 498


I (16214) BM:  benchmark results: min = 421, max = 577, total = 13984424
I (16214) BM: , average = 499


I (17214) BM:  benchmark results: min = 424, max = 574, total = 14982423
I (17214) BM: , average = 498


I (18214) BM:  benchmark results: min = 416, max = 582, total = 15980422
I (18214) BM: , average = 498


I (19214) BM:  benchmark results: min = 425, max = 574, total = 16978421
I (19214) BM: , average = 498


I (20214) BM:  benchmark results: min = 412, max = 586, total = 17976421
I (20214) BM: , average = 499


I (21214) BM:  benchmark results: min = 421, max = 577, total = 18974420
I (21214) BM: , average = 498


I (22214) BM:  benchmark results: min = 409, max = 589, total = 19972419
I (22214) BM: , average = 498


I (23214) BM:  benchmark results: min = 416, max = 582, total = 20970418
I (23214) BM: , average = 498


I (24214) BM:  benchmark results: min = 416, max = 582, total = 21968417
I (24214) BM: , average = 498


W (25154) BT_HCI: hcif conn complete: hdl 0x80, st 0x0
I (25164) SPP_ACCEPTOR_DEMO: event: 16
I (25214) BM:  benchmark results: min = 414, max = 585, total = 22966416
I (25214) BM: , average = 498


I (25344) SPP_ACCEPTOR_DEMO: ESP_BT_GAP_CFM_REQ_EVT Please compare the numeric value: 20501
I (26214) BM:  benchmark results: min = 490, max = 508, total = 23964428
I (26214) BM: , average = 499


I (26934) SPP_ACCEPTOR_DEMO: authentication success: WIN-H1G3DJ9CAKM bda:[00:19:86:00:23:06]
I (26934) SPP_ACCEPTOR_DEMO: event: 21
I (27214) BM:  benchmark results: min = 483, max = 515, total = 24962477
I (27214) BM: , average = 499


I (28214) BM:  benchmark results: min = 462, max = 536, total = 25960504
I (28214) BM: , average = 499


I (29214) BM:  benchmark results: min = 490, max = 508, total = 26958488
I (29214) BM: , average = 498


W (30184) BT_HCI: hcif disc complete: hdl 0x80, rsn 0x13
I (30184) SPP_ACCEPTOR_DEMO: event: 17
I (30214) BM:  benchmark results: min = 332, max = 1226, total = 27956488
I (30214) BM: , average = 499


I (31214) BM:  benchmark results: min = 171, max = 834, total = 28954988
I (31214) BM: , average = 499


I (32214) BM:  benchmark results: min = 401, max = 597, total = 29952987
I (32214) BM: , average = 498


I (33214) BM:  benchmark results: min = 149, max = 852, total = 30950986
I (33214) BM: , average = 498


I (34214) BM:  benchmark results: min = 492, max = 506, total = 31948986
I (34214) BM: , average = 499


I (35214) BM:  benchmark results: min = 493, max = 505, total = 32946985
I (35214) BM: , average = 498

